frame  seedE matchE    acc |     lon     lat    dpsi |  curb  pole  sign   sim
  830    8.5    6.9      1 |     2.2    -6.6    0.17 |    72    16     5  0.48
  832    7.2    7.4      1 |     5.2    -5.3    0.19 |    77    10     4  0.58
  834    9.1    9.3      1 |     9.2    -1.4    0.24 |    78     9     5  0.58
  836   13.6   14.3      1 |    14.3     0.7    0.31 |    72     8     5  0.53
  838   22.5   22.0      1 |    22.0     1.0    0.40 |    64    11     5  0.49
  840   29.2   29.3      1 |    29.1     3.5    0.43 |    68    12     3  0.41
  842   38.3   37.1      1 |    36.8     4.9    0.46 |    63     5     3  0.45
  844   49.2   53.1      1 |    52.8     5.7    0.62 |    59     8     2  0.53
  846   60.6   60.9      1 |    60.8     3.7    0.92 |    86     6     3  0.46
  848   68.8   66.2      1 |    66.2     2.3    0.88 |    99     7     4  0.41
  850   69.3   66.9      1 |    66.9    -0.9    0.84 |    95     7     6  0.37
  852   70.4   67.7      1 |    67.4    -6.1    0.83 |    99     9     7  0.34
  854   64.5    7.2      1 |     6.3     3.6   -0.00 |    98     8     6  0.56
  856    8.8    8.4      1 |     8.1     2.1    0.11 |    97     6     6  0.63
  858    7.3    6.0      1 |     5.8    -1.2    0.16 |    94     9     6  0.60

frame 851 recursive: err 68.5 cm, sim 0.363, iters 7, conv 1 | reference-seeded: err 3.6 cm, sim 0.525
body-frame error of recursive solution: lon 68.4 lat -3.7 cm; of reference-seeded: lon 3.4 lat -1.4 cm
information (recursive) eig:
   1.0e+03 *

    0.0056    0.0066    1.6878

information (ref-seeded) eig:
   1.0e+03 *

    0.0065    0.0068    2.0695

curb         recursive: 98 pairs, sumW 0.2082, mean chi2 1.91 | ref: 98 pairs, sumW 0.2241, mean chi2 1.24 | changed targets 15/98
pole         recursive: 6 pairs, sumW 0.1195, mean chi2 5.39 | ref: 6 pairs, sumW 0.1597, mean chi2 0.53 | changed targets 2/6
trafficSign  recursive: 5 pairs, sumW 0.2283, mean chi2 0.96 | ref: 5 pairs, sumW 0.2564, mean chi2 0.18 | changed targets 4/5
    semanticName     matchedComponents    observableRank    observableCorrection    informationWeightedCorrection
    _____________    _________________    ______________    ____________________    _____________________________

    "curb"                  98                  3                 0.86607                      0.14633           
    "pole"                   6                  3                 0.24245                      0.15889           
    "trafficSign"            5                  3                 0.40304                      0.13091           


converged LATERAL error (cm) vs seed offset; rows = seed lateral -1.50..1.50, cols = seed longitudinal -1.50..1.50
    -1    -1    -1    -1    -1    -1    -1    -1    -4    -4    -4    -4    -4
    -1    -1    -1    -1    -1    -1    -1    -1    -4    -4    -4    -4    -4
    -1    -1    -1    -1    -1    -1    -1    -1    -4    -4    -4    -4    -4
    -1    -1    -1    -1    -1    -1    -1    -1    -4    -4    -4    -4    -4
    -1    -1    -1    -1    -1    -1    -1    -1    -4    -4    -4    -4    -4
    -1    -1    -1    -1    -1    -1    -1    -1    -4    -4    -4    -4    -4
    -1    -1    -1    -1    -1    -1    -1    -1    -4    -4    -4    -4    -4
    -1    -1    -1    -1    -1    -1    -1    -1    -1    -4    -4    -4    -4
    -1    -1    -1    -1    -1    -1    -1    -1    -1    -4    -4    -4    -4
    -1    -1    -1    -1    -1    -1    -1    -1    -1    -4    -4    -4    -4
    -1    -1    -1    -1    -1    -1    -1    -1    -1    -4    -4    -4    -4
    -1    -1    -1    -1    -1    -1    -1    -1    -1    -4    -4    -4    -4
    -1    -1    -1    -1    -1    -1    -1    -1    -1    -4    -4    -4    -4

seed body offset at 851: lon 68.7 lat -2.2 cm
lateral error of accepted outputs 836..851: 836:1 837:2 838:1 839:3 840:4 841:5 842:5 843:6 844:6 845:7 846:4 847:5 848:2 849:2 850:-1 851:-4 
frame     dt  odoLon  refLon    dLon |  wheel   refV     ax |      r  vyOut
  826  0.100   0.775   0.771     0.4 |   7.77   7.71   0.28  0.229  -0.28
  827  0.100   0.779   0.773     0.6 |   7.79   7.73   0.35  0.230  -0.30
  828  0.101   0.786   0.776     1.0 |   7.83   7.71   0.42  0.228  -0.29
  829  0.100   0.786   0.774     1.2 |   7.87   7.74   0.12  0.228  -0.30
  830  0.099   0.782   0.771     1.1 |   7.90   7.77   0.43  0.225  -0.28
  831  0.100   0.791   0.780     1.1 |   7.92   7.80   0.34  0.225  -0.30
  832  0.100   0.794   0.783     1.1 |   7.97   7.84   0.28  0.225  -0.31
  833  0.100   0.800   0.789     1.2 |   7.99   7.86   0.41  0.221  -0.29
  834  0.100   0.801   0.789     1.2 |   8.04   7.90   0.35  0.220  -0.28
  835  0.100   0.804   0.790     1.3 |   8.08   7.93   0.36  0.220  -0.29
  836  0.101   0.820   0.807     1.3 |   8.11   7.97   0.35  0.220  -0.30
  837  0.099   0.803   0.786     1.7 |   8.15   7.97   0.42  0.218  -0.30
  838  0.100   0.815   0.789     2.7 |   8.19   7.91   0.41  0.214  -0.29
  839  0.101   0.828   0.798     2.9 |   8.23   7.92   0.42  0.211  -0.28
  840  0.100   0.826   0.797     2.9 |   8.27   7.97   0.43  0.210  -0.30
  841  0.100   0.833   0.802     3.1 |   8.33   7.99   0.43  0.201  -0.28
  842  0.100   0.833   0.804     2.9 |   8.34   8.04   0.50  0.194  -0.26
  843  0.099   0.830   0.801     2.9 |   8.38   8.07   0.42  0.189  -0.26
  844  0.100   0.841   0.812     2.9 |   8.42   8.12   0.43  0.183  -0.26
  845  0.100   0.842   0.812     3.0 |   8.47   8.15   0.43  0.176  -0.24
  846  0.100   0.852   0.822     3.0 |   8.53   8.20   0.44  0.171  -0.24
  847  0.100   0.853   0.823     2.9 |   8.57   8.26   0.65  0.164  -0.23
  848  0.100   0.863   0.846     1.7 |   8.63   8.44   0.51  0.161  -0.23
  849  0.101   0.879   0.861     1.8 |   8.69   8.48   0.52  0.152  -0.22
  850  0.098   0.856   0.839     1.7 |   8.74   8.54   0.66  0.144  -0.21
  851  0.100   0.878   0.860     1.8 |   8.79   8.59   0.52  0.137  -0.22
  852  0.100   0.884   0.865     1.8 |   8.86   8.65   0.67  0.127  -0.20
  853  0.101   0.893   0.874     2.0 |   8.92   8.69   0.66  0.115  -0.18
  854  0.100   0.896   0.876     2.0 |   9.00   8.75   0.67  0.106  -0.18
  855  0.100   0.898   0.876     2.2 |   9.05   8.79   0.82  0.097  -0.16
  856  0.101   0.913   0.891     2.2 |   9.10   8.85   0.60  0.091  -0.15
cumulative odometry-minus-reference longitudinal step 826..856: 59.4 cm
whole drive per-frame longitudinal step error: mean 0.44 cm, RMS 0.80 cm; mean over 830-850: 2.11 cm
largest 15-frame mean |step error| around frames: [845 844 843 846 842 847 841 840]
frame     I_lon     I_lat     I_yaw | longitudinal basin: converged lon error (cm) for seed lon offsets -150:25:150 cm
  830       8.2       7.0    1833.2 | [-57 -57 -57 -57 -57 2 2 2 2 2 2 2 2]
  834       9.7       7.7    1919.3 | [-55 -55 -55 -55 -55 9 9 9 9 9 9 9 9]
  838       7.4       6.5    1755.4 | [-41 -41 -41 -41 -41 -41 22 22 22 22 22 22 22]
  842       7.6       8.0    1442.9 | [-1 -1 -1 -1 -1 -1 -1 37 37 37 37 37 37]
  846       9.3       7.0    1534.7 | [-8 -8 -8 -8 -8 -8 -8 -8 61 61 61 61 61]
  848       9.4       6.9    1710.1 | [-2 -2 -2 -2 -2 -2 -2 -2 66 66 66 66 66]
  849       9.8       7.7    2021.7 | [1 1 1 1 1 1 1 6 68 68 68 68 68]
  850       7.8       6.9    1737.7 | [3 3 3 3 3 3 3 9 67 67 67 67 67]
  851       6.8       5.6    1687.6 | [3 3 3 3 3 3 3 5 68 68 68 68 68]
  852       6.0       5.2    1638.8 | [5 5 5 5 5 5 5 5 5 67 67 67 67]
  853       5.9       4.9    1756.7 | [6 6 6 6 6 6 6 6 6 62 62 62 62]
  854       8.4       6.5    2420.8 | [6 6 6 6 6 6 6 6 6 6 6 6 6]
  855       9.0       7.4    2560.6 | [6 6 6 6 6 6 6 6 6 6 6 6 6]

map pole within 40 m (body lon, lat): 1009[-32.4,10.7] 1007[-32.3,10.5] 1008[-32.1,10.2] 1020[-24.4,1.9] 1019[-24.1,1.6] 1023[-23.7,23.3] 1021[-23.7,23.3] 1005[-22.6,-8.9] 1018[-22.6,-9.0] 1006[-22.4,-9.1] 1015[-18.7,-8.1] 1017[-18.0,-1.5] 1016[-16.7,-7.7] 1052[-7.9,-4.2] 1033[-6.7,-3.9] 1051[-6.6,-3.8] 1053[-6.1,-3.8] 1061[-2.4,9.3] 1050[1.5,-9.3] 1069[24.6,-1.6] 1070[24.7,-2.0] 1071[32.0,-0.1] 

map trafficSign within 40 m (body lon, lat): 1237[-37.2,6.1] 1238[-36.9,5.6] 1236[-36.4,5.9] 1264[-8.4,-4.1] 1278[-8.4,-4.1] 1263[-7.5,-4.1] 1277[-7.5,-4.1] 1279[-2.3,9.5] 1286[-2.3,9.5] 1280[-2.0,10.1] 1287[-2.0,10.1] 1292[21.0,9.2] 1291[21.0,9.2] 1293[22.1,9.0] 1294[38.2,23.6] 

1264 trafficSign  dmean [ 0.000  0.000] sd [0.396 1.034] w 0.00098 id trafficSign:60542:622078:2
1278 trafficSign  dmean [ 0.001  0.001] sd [0.396 1.034] w 0.00000 id trafficSign:60543:622078:2
1263 trafficSign  dmean [ 0.942 -0.209] sd [0.409 1.028] w 0.00065 id trafficSign:60542:622078:1
1277 trafficSign  dmean [ 0.942 -0.207] sd [0.409 1.028] w 0.00028 id trafficSign:60543:622078:1

1279 trafficSign  dmean [ 0.000  0.000] sd [0.179 1.040] w 0.00019 id trafficSign:60543:622079:1
1286 trafficSign  dmean [ 0.000  0.000] sd [0.179 1.040] w 0.00025 id trafficSign:60544:622079:1
1280 trafficSign  dmean [ 0.379  0.535] sd [0.186 1.032] w 0.00000 id trafficSign:60543:622079:2
1287 trafficSign  dmean [ 0.379  0.535] sd [0.186 1.032] w 0.00040 id trafficSign:60544:622079:2

1033 pole         dmean [ 0.000  0.000] sd [1.131 0.181] w 0.00042 id pole:60542:622078:1
1051 pole         dmean [ 0.063  0.031] sd [0.176 0.188] w 0.00030 id pole:60543:622078:1
1052 pole         dmean [-1.210 -0.014] sd [0.184 0.187] w 0.00000 id pole:60543:622078:2
1053 pole         dmean [ 0.536 -0.019] sd [0.174 0.181] w 0.00030 id pole:60543:622078:3
